// Jest Snapshot v1, https://goo.gl/fbAQLP

exports[`Temperature Component should render props 1`] = `
<div
  class="temperature"
>
  <div
    class="temperature__deg"
  >
    <span>
      7
    </span>
  </div>
  <div
    class="temperature__wrap"
  >
    <div
      class="temperature__mesure"
    >
      °C
    </div>
    <div
      class="temperature__box"
    >
      <div
        class="temperature__max"
      >
        <span
          class="temperature__mark"
        >
          ↑
        </span>
        <p
          class="temperature__text"
        >
          <span>
            8
          </span>
        </p>
        <span
          class="temperature__unit"
        >
          °C
        </span>
      </div>
      <div
        class="temperature__min"
      >
        <span
          class="temperature__mark"
        >
          ↓
        </span>
        <p
          class="temperature__text"
        >
          <span>
            10
          </span>
        </p>
        <span
          class="temperature__unit"
        >
          °C
        </span>
      </div>
    </div>
  </div>
</div>
`;
