// Jest Snapshot v1, https://goo.gl/fbAQLP

exports[`ThemeSwitcher Component should render theme list 1`] = `
<div
  class="theme-switcher"
>
  <span
    class="theme-switcher__main"
    data-testid="switcher-span"
  />
  <ul
    class="theme-switcher__dropdown theme-switcher__dropdown-hide"
  >
    <li
      class="theme-switcher__item"
    >
      <span
        class="theme-switcher__toggle"
        style="box-shadow: 0 0 5px rgba(29, 211, 176, 1); border: 2px solid rgba(31, 166, 157, 1); background: rgb(255, 255, 255);"
      />
    </li>
    <li
      class="theme-switcher__item"
    >
      <span
        class="theme-switcher__toggle"
        style="box-shadow: 0 0 5px rgba(255, 159, 41, 1); border: 2px solid rgba(191, 59, 59, 1); background: rgb(245, 238, 215);"
      />
    </li>
    <li
      class="theme-switcher__item"
    >
      <span
        class="theme-switcher__toggle"
        style="box-shadow: 0 0 5px rgba(241, 241, 241, 1); border: 2px solid rgba(241, 241, 241, 1); background: rgb(13, 82, 84);"
      />
    </li>
    <li
      class="theme-switcher__item"
    >
      <span
        class="theme-switcher__toggle"
        style="box-shadow: 0 0 5px rgba(4, 80, 142, 1); border: 2px solid rgba(187, 13, 36, 1); background: rgb(253, 255, 252);"
      />
    </li>
    <li
      class="theme-switcher__item"
    >
      <span
        class="theme-switcher__toggle"
        style="box-shadow: 0 0 5px rgba(100, 131, 129, 1); border: 2px solid rgba(138, 203, 136, 1); background: rgb(228, 253, 225);"
      />
    </li>
  </ul>
</div>
`;
